// Vitest Snapshot v1, https://vitest.dev/guide/snapshot.html

exports[`index > common 1`] = `
{
  "extends": [
    "stylelint-config-standard-scss",
    "stylelint-config-recommended-vue/scss",
    "stylelint-config-recess-order",
  ],
  "overrides": [],
  "rules": {
    "scss/at-rule-no-unknown": [
      true,
      {
        "ignoreAtRules": [
          "tailwind",
          "config",
          "unocss",
        ],
      },
    ],
    "scss/selector-no-redundant-nesting-selector": true,
    "selector-type-no-unknown": [
      true,
      {
        "ignoreTypes": [
          "page",
        ],
      },
    ],
    "unit-no-unknown": [
      true,
      {
        "ignoreUnits": [
          "rpx",
        ],
      },
    ],
  },
}
`;

exports[`index > setVscodeSettingsJson case 0 1`] = `
{
  "css.validate": false,
  "less.validate": false,
  "scss.validate": false,
  "stylelint.validate": [
    "vue",
    "css",
    "scss",
  ],
}
`;

exports[`index > setVscodeSettingsJson case 1 1`] = `
{
  "css.validate": false,
  "less.validate": false,
  "scss.validate": false,
  "stylelint.validate": [
    "vue",
    "scss",
    "css",
  ],
}
`;
